../Core/Src/main.c:139:5:main	24	static
../Core/Src/main.c:226:6:SystemClock_Config	80	static
../Core/Src/main.c:270:13:MX_I2C1_Init	8	static
../Core/Src/main.c:304:13:MX_USART2_UART_Init	8	static
../Core/Src/main.c:337:13:MX_GPIO_Init	40	static
../Core/Src/main.c:386:5:__io_putchar	24	static
../Core/Src/main.c:399:6:HAL_GPIO_EXTI_Callback	16	static
../Core/Src/main.c:418:16:platform_write	40	static
../Core/Src/main.c:435:16:platform_read	40	static
../Core/Src/main.c:450:13:lsm6dso_initialize	8	static
../Core/Src/main.c:473:13:lsm6dso_initialize_basics	8	static
../Core/Src/main.c:502:13:lsm6dso_initialize_fifo	16	static
../Core/Src/main.c:543:13:lsm6dso_get_buffer_from_fifo	56	dynamic
../Core/Src/main.c:583:14:lsm6dso_convert_gyro_data_to_mdps	24	static
../Core/Src/main.c:621:14:lsm6dso_convert_accel_data_to_mg	24	static
../Core/Src/main.c:657:13:iks01a3_i2c_stuck_quirk	40	static
../Core/Src/main.c:691:6:Error_Handler	4	static,ignoring_inline_asm
